src/Fxt
src/Fxt/Card
src/Fxt/Card/Mock
src/Fxt/Card/Mock/TShell
src/Fxt/Card/Mock/_0test
src/Fxt/Card/_0test
src/Fxt/Chassis
src/Fxt/Chassis/_0test
src/Fxt/Component
src/Fxt/Component/Digital
src/Fxt/Component/Digital/_0test
src/Fxt/Component/_0test
src/Fxt/Logging
src/Fxt/LogicChain
src/Fxt/LogicChain/_0test
src/Fxt/Node
src/Fxt/Node/Mock
src/Fxt/Node/Mock/Kestrel
src/Fxt/Node/Mock/Kestrel/_0test
src/Fxt/Node/SBC
src/Fxt/Node/SBC/PiPicoDemo
src/Fxt/Node/TShell
src/Fxt/Node/_0test
src/Fxt/Point
src/Fxt/Point/_0test
src/Fxt/Point/_factories
src/Fxt/System
src/Fxt/System/_0test
src/Fxt/System/_cpl
src/Fxt/Type
src/Fxt/Type/_0test
src/Fxt/Type/_categories
src/Fxt/Type/_stdout
tests/Fxt/Card/Mock/_0test
tests/Fxt/Card/Mock/_0test/linux
tests/Fxt/Card/Mock/_0test/linux/gcc
tests/Fxt/Card/Mock/_0test/windows
tests/Fxt/Card/Mock/_0test/windows/mingw_w64
tests/Fxt/Card/Mock/_0test/windows/vc12
tests/Fxt/Card/_0test
tests/Fxt/Card/_0test/linux
tests/Fxt/Card/_0test/linux/gcc
tests/Fxt/Card/_0test/windows
tests/Fxt/Card/_0test/windows/mingw_w64
tests/Fxt/Card/_0test/windows/vc12
tests/Fxt/Chassis/_0test
tests/Fxt/Chassis/_0test/linux
tests/Fxt/Chassis/_0test/linux/gcc
tests/Fxt/Chassis/_0test/windows
tests/Fxt/Chassis/_0test/windows/mingw_w64
tests/Fxt/Chassis/_0test/windows/vc12
tests/Fxt/Component/Digital/_0test
tests/Fxt/Component/Digital/_0test/linux
tests/Fxt/Component/Digital/_0test/linux/gcc
tests/Fxt/Component/Digital/_0test/windows
tests/Fxt/Component/Digital/_0test/windows/mingw_w64
tests/Fxt/Component/Digital/_0test/windows/vc12
tests/Fxt/Component/_0test
tests/Fxt/Component/_0test/linux
tests/Fxt/Component/_0test/linux/gcc
tests/Fxt/Component/_0test/windows
tests/Fxt/Component/_0test/windows/mingw_w64
tests/Fxt/Component/_0test/windows/vc12
tests/Fxt/LogicChain/_0test
tests/Fxt/LogicChain/_0test/linux
tests/Fxt/LogicChain/_0test/linux/gcc
tests/Fxt/LogicChain/_0test/windows
tests/Fxt/LogicChain/_0test/windows/mingw_w64
tests/Fxt/LogicChain/_0test/windows/vc12
tests/Fxt/Node/Mock/Kestral/_0test
tests/Fxt/Node/Mock/Kestral/_0test/linux
tests/Fxt/Node/Mock/Kestral/_0test/linux/gcc
tests/Fxt/Node/Mock/Kestral/_0test/windows
tests/Fxt/Node/Mock/Kestral/_0test/windows/mingw_w64
tests/Fxt/Node/Mock/Kestral/_0test/windows/vc12
tests/Fxt/Node/_0test
tests/Fxt/Node/_0test/linux
tests/Fxt/Node/_0test/linux/gcc
tests/Fxt/Node/_0test/windows
tests/Fxt/Node/_0test/windows/mingw_w64
tests/Fxt/Node/_0test/windows/vc12
tests/Fxt/Point/TShell/_0test
tests/Fxt/Point/TShell/_0test/linux
tests/Fxt/Point/TShell/_0test/linux/gcc
tests/Fxt/Point/TShell/_0test/windows
tests/Fxt/Point/TShell/_0test/windows/mingw_w64
tests/Fxt/Point/TShell/_0test/windows/vc12
tests/Fxt/Point/_0test
tests/Fxt/Point/_0test/linux
tests/Fxt/Point/_0test/linux/gcc
tests/Fxt/Point/_0test/windows
tests/Fxt/Point/_0test/windows/mingw_w64
tests/Fxt/Point/_0test/windows/vc12
tests/Fxt/System/_0test
tests/Fxt/System/_0test/linux
tests/Fxt/System/_0test/linux/gcc
tests/Fxt/System/_0test/windows
tests/Fxt/System/_0test/windows/mingw_w64
tests/Fxt/System/_0test/windows/vc12
tests/Fxt/Type/_0test
tests/Fxt/Type/_0test/linux
tests/Fxt/Type/_0test/linux/gcc
tests/Fxt/Type/_0test/windows
tests/Fxt/Type/_0test/windows/mingw_w64
tests/Fxt/Type/_0test/windows/vc12
projects/examples/PiPico-FxtDemo
projects/examples/PiPico-FxtDemo/pico-uart
projects/examples/PiPico-FxtDemo/pico-uart/windows/gcc
projects/examples/PiPico-FxtDemo/rp2040